Archive member included because of file (symbol)

/home/selph/.pebble-sdk/SDKs/current/sdk-core/pebble/aplite/lib/libpebble.a(tmpxtwnPTpebble.o)
                              src/c/watchface.c.33.o (app_event_loop)

Discarded input sections

 .text          0x0000000000000000        0x0 /home/selph/code/pebble-sdk-4.5-linux64/arm-cs-tools/bin/../lib/gcc/arm-none-eabi/4.7.2/thumb2/crti.o
 .bss           0x0000000000000000        0x0 /home/selph/code/pebble-sdk-4.5-linux64/arm-cs-tools/bin/../lib/gcc/arm-none-eabi/4.7.2/thumb2/crti.o
 .init          0x0000000000000000        0x4 /home/selph/code/pebble-sdk-4.5-linux64/arm-cs-tools/bin/../lib/gcc/arm-none-eabi/4.7.2/thumb2/crti.o
 .fini          0x0000000000000000        0x4 /home/selph/code/pebble-sdk-4.5-linux64/arm-cs-tools/bin/../lib/gcc/arm-none-eabi/4.7.2/thumb2/crti.o
 .text          0x0000000000000000       0xc8 /home/selph/code/pebble-sdk-4.5-linux64/arm-cs-tools/bin/../lib/gcc/arm-none-eabi/4.7.2/thumb2/crtbegin.o
 .bss           0x0000000000000000       0x1c /home/selph/code/pebble-sdk-4.5-linux64/arm-cs-tools/bin/../lib/gcc/arm-none-eabi/4.7.2/thumb2/crtbegin.o
 .init_array    0x0000000000000000        0x4 /home/selph/code/pebble-sdk-4.5-linux64/arm-cs-tools/bin/../lib/gcc/arm-none-eabi/4.7.2/thumb2/crtbegin.o
 .fini_array    0x0000000000000000        0x4 /home/selph/code/pebble-sdk-4.5-linux64/arm-cs-tools/bin/../lib/gcc/arm-none-eabi/4.7.2/thumb2/crtbegin.o
 .eh_frame      0x0000000000000000        0x0 /home/selph/code/pebble-sdk-4.5-linux64/arm-cs-tools/bin/../lib/gcc/arm-none-eabi/4.7.2/thumb2/crtbegin.o
 .jcr           0x0000000000000000        0x0 /home/selph/code/pebble-sdk-4.5-linux64/arm-cs-tools/bin/../lib/gcc/arm-none-eabi/4.7.2/thumb2/crtbegin.o
 .tm_clone_table
                0x0000000000000000        0x0 /home/selph/code/pebble-sdk-4.5-linux64/arm-cs-tools/bin/../lib/gcc/arm-none-eabi/4.7.2/thumb2/crtbegin.o
 .text          0x0000000000000000        0x0 src/c/watchface.c.33.o
 .bss           0x0000000000000000        0x0 src/c/watchface.c.33.o
 .text          0x0000000000000000        0x0 aplite/appinfo.auto.c.33.o
 .bss           0x0000000000000000        0x0 aplite/appinfo.auto.c.33.o
 .text          0x0000000000000000        0x0 aplite/src/resource_ids.auto.c.33.o
 .bss           0x0000000000000000        0x0 aplite/src/resource_ids.auto.c.33.o
 .data.RESOURCE_ID_FONT_PERFECT_DOS_20
                0x0000000000000000        0x4 aplite/src/resource_ids.auto.c.33.o
 .data.RESOURCE_ID_IMAGE_BACKGROUND
                0x0000000000000000        0x4 aplite/src/resource_ids.auto.c.33.o
 .text          0x0000000000000000        0x0 src/message_keys.auto.c.33.o
 .bss           0x0000000000000000        0x0 src/message_keys.auto.c.33.o
 .data.MESSAGE_KEY_dummy
                0x0000000000000000        0x4 src/message_keys.auto.c.33.o
 .bss           0x0000000000000000        0x0 /home/selph/.pebble-sdk/SDKs/current/sdk-core/pebble/aplite/lib/libpebble.a(tmpxtwnPTpebble.o)
 .text.accel_data_service_subscribe__deprecated
                0x0000000000000000        0xc /home/selph/.pebble-sdk/SDKs/current/sdk-core/pebble/aplite/lib/libpebble.a(tmpxtwnPTpebble.o)
 .text.accel_data_service_unsubscribe
                0x0000000000000000        0xc /home/selph/.pebble-sdk/SDKs/current/sdk-core/pebble/aplite/lib/libpebble.a(tmpxtwnPTpebble.o)
 .text.accel_service_peek
                0x0000000000000000        0xc /home/selph/.pebble-sdk/SDKs/current/sdk-core/pebble/aplite/lib/libpebble.a(tmpxtwnPTpebble.o)
 .text.accel_service_set_samples_per_update
                0x0000000000000000        0xc /home/selph/.pebble-sdk/SDKs/current/sdk-core/pebble/aplite/lib/libpebble.a(tmpxtwnPTpebble.o)
 .text.accel_service_set_sampling_rate
                0x0000000000000000        0xc /home/selph/.pebble-sdk/SDKs/current/sdk-core/pebble/aplite/lib/libpebble.a(tmpxtwnPTpebble.o)
 .text.accel_tap_service_subscribe
                0x0000000000000000        0xc /home/selph/.pebble-sdk/SDKs/current/sdk-core/pebble/aplite/lib/libpebble.a(tmpxtwnPTpebble.o)
 .text.accel_tap_service_unsubscribe
                0x0000000000000000        0xc /home/selph/.pebble-sdk/SDKs/current/sdk-core/pebble/aplite/lib/libpebble.a(tmpxtwnPTpebble.o)
 .text.action_bar_layer_legacy2_add_to_window
                0x0000000000000000        0xc /home/selph/.pebble-sdk/SDKs/current/sdk-core/pebble/aplite/lib/libpebble.a(tmpxtwnPTpebble.o)
 .text.action_bar_layer_legacy2_clear_icon
                0x0000000000000000        0xc /home/selph/.pebble-sdk/SDKs/current/sdk-core/pebble/aplite/lib/libpebble.a(tmpxtwnPTpebble.o)
 .text.action_bar_layer_legacy2_create
                0x0000000000000000        0xc /home/selph/.pebble-sdk/SDKs/current/sdk-core/pebble/aplite/lib/libpebble.a(tmpxtwnPTpebble.o)
 .text.action_bar_layer_legacy2_destroy
                0x0000000000000000        0xc /home/selph/.pebble-sdk/SDKs/current/sdk-core/pebble/aplite/lib/libpebble.a(tmpxtwnPTpebble.o)
[...]
Memory Configuration

Name             Origin             Length             Attributes
APP              0x0000000000000000 0x0000000000006000 xrw
*default*        0x0000000000000000 0xffffffffffffffff

Linker script and memory map

LOAD /home/selph/code/pebble-sdk-4.5-linux64/arm-cs-tools/bin/../lib/gcc/arm-none-eabi/4.7.2/thumb2/crti.o
LOAD /home/selph/code/pebble-sdk-4.5-linux64/arm-cs-tools/bin/../lib/gcc/arm-none-eabi/4.7.2/thumb2/crtbegin.o
LOAD src/c/watchface.c.33.o
LOAD aplite/appinfo.auto.c.33.o
LOAD aplite/src/resource_ids.auto.c.33.o
LOAD src/message_keys.auto.c.33.o
LOAD /home/selph/.pebble-sdk/SDKs/current/sdk-core/pebble/aplite/lib/libpebble.a
START GROUP
LOAD /home/selph/code/pebble-sdk-4.5-linux64/arm-cs-tools/bin/../lib/gcc/arm-none-eabi/4.7.2/thumb2/libgcc.a
LOAD /home/selph/code/pebble-sdk-4.5-linux64/arm-cs-tools/bin/../lib/gcc/arm-none-eabi/4.7.2/../../../../arm-none-eabi/lib/thumb2/libc.a
END GROUP
LOAD /home/selph/code/pebble-sdk-4.5-linux64/arm-cs-tools/bin/../lib/gcc/arm-none-eabi/4.7.2/thumb2/crtend.o
LOAD /home/selph/code/pebble-sdk-4.5-linux64/arm-cs-tools/bin/../lib/gcc/arm-none-eabi/4.7.2/thumb2/crtn.o

.header         0x0000000000000000       0x82
 *(.pbl_header)
 .pbl_header    0x0000000000000000       0x82 aplite/appinfo.auto.c.33.o
                0x0000000000000000                __pbl_app_info

.note.gnu.build-id
                0x0000000000000082       0x26
                0x0000000000000082                PROVIDE (BUILD_ID, .)
 *(.note.gnu.build-id)
 *fill*         0x0000000000000082        0x2 
 .note.gnu.build-id
                0x0000000000000084       0x24 linker stubs

.text           0x00000000000000a8      0x605
 *(.text)
 .text          0x00000000000000a8       0x14 /home/selph/.pebble-sdk/SDKs/current/sdk-core/pebble/aplite/lib/libpebble.a(tmpxtwnPTpebble.o)
 *(.text.*)
 .text.outbox_sent_callback
                0x00000000000000bc        0x2 src/c/watchface.c.33.o
 *fill*         0x00000000000000be        0x2 
 .text.outbox_failed_callback
                0x00000000000000c0       0x20 src/c/watchface.c.33.o
 .text.inbox_dropped_callback
                0x00000000000000e0       0x20 src/c/watchface.c.33.o
 .text.update_bottles
                0x0000000000000100       0xb0 src/c/watchface.c.33.o
 .text.inbox_received_callback
                0x00000000000001b0       0x18 src/c/watchface.c.33.o
 .text.select_click_handler2
                0x00000000000001c8        0x6 src/c/watchface.c.33.o
 *fill*         0x00000000000001ce        0x2 
 .text.main_window_unload
                0x00000000000001d0       0x44 src/c/watchface.c.33.o
 .text.main_window_load
                0x0000000000000214       0xb8 src/c/watchface.c.33.o
 .text.click_config_provider
                0x00000000000002cc       0x24 src/c/watchface.c.33.o
 .text.select_click_handler
                0x00000000000002f0       0xec src/c/watchface.c.33.o
 .text.startup.main
                0x00000000000003dc       0x94 src/c/watchface.c.33.o
                0x00000000000003dc                main
 .text.app_event_loop
                0x0000000000000470        0xc /home/selph/.pebble-sdk/SDKs/current/sdk-core/pebble/aplite/lib/libpebble.a(tmpxtwnPTpebble.o)
                0x0000000000000470                app_event_loop
 .text.app_log  0x000000000000047c        0xc /home/selph/.pebble-sdk/SDKs/current/sdk-core/pebble/aplite/lib/libpebble.a(tmpxtwnPTpebble.o)
                0x000000000000047c                app_log
 .text.bitmap_layer_create
                0x0000000000000488        0xc /home/selph/.pebble-sdk/SDKs/current/sdk-core/pebble/aplite/lib/libpebble.a(tmpxtwnPTpebble.o)
                0x0000000000000488                bitmap_layer_create
 .text.bitmap_layer_destroy
                0x0000000000000494        0xc /home/selph/.pebble-sdk/SDKs/current/sdk-core/pebble/aplite/lib/libpebble.a(tmpxtwnPTpebble.o)
                0x0000000000000494                bitmap_layer_destroy
 .text.bitmap_layer_get_layer
                0x00000000000004a0        0xc /home/selph/.pebble-sdk/SDKs/current/sdk-core/pebble/aplite/lib/libpebble.a(tmpxtwnPTpebble.o)
                0x00000000000004a0                bitmap_layer_get_layer
 .text.bitmap_layer_set_bitmap
                0x00000000000004ac        0xc /home/selph/.pebble-sdk/SDKs/current/sdk-core/pebble/aplite/lib/libpebble.a(tmpxtwnPTpebble.o)
                0x00000000000004ac                bitmap_layer_set_bitmap
 .text.dict_find
                0x00000000000004b8        0xc /home/selph/.pebble-sdk/SDKs/current/sdk-core/pebble/aplite/lib/libpebble.a(tmpxtwnPTpebble.o)
                0x00000000000004b8                dict_find
 .text.dict_write_int
                0x00000000000004c4        0xc /home/selph/.pebble-sdk/SDKs/current/sdk-core/pebble/aplite/lib/libpebble.a(tmpxtwnPTpebble.o)
                0x00000000000004c4                dict_write_int
 .text.fonts_load_custom_font
                0x00000000000004d0        0xc /home/selph/.pebble-sdk/SDKs/current/sdk-core/pebble/aplite/lib/libpebble.a(tmpxtwnPTpebble.o)
                0x00000000000004d0                fonts_load_custom_font
 .text.gbitmap_create_with_resource
                0x00000000000004dc        0xc /home/selph/.pebble-sdk/SDKs/current/sdk-core/pebble/aplite/lib/libpebble.a(tmpxtwnPTpebble.o)
                0x00000000000004dc                gbitmap_create_with_resource
 .text.gbitmap_destroy
                0x00000000000004e8        0xc /home/selph/.pebble-sdk/SDKs/current/sdk-core/pebble/aplite/lib/libpebble.a(tmpxtwnPTpebble.o)
                0x00000000000004e8                gbitmap_destroy
 .text.layer_add_child
                0x00000000000004f4        0xc /home/selph/.pebble-sdk/SDKs/current/sdk-core/pebble/aplite/lib/libpebble.a(tmpxtwnPTpebble.o)
                0x00000000000004f4                layer_add_child
 .text.layer_get_bounds
                0x0000000000000500        0xc /home/selph/.pebble-sdk/SDKs/current/sdk-core/pebble/aplite/lib/libpebble.a(tmpxtwnPTpebble.o)
                0x0000000000000500                layer_get_bounds
 .text.memset   0x000000000000050c        0xc /home/selph/.pebble-sdk/SDKs/current/sdk-core/pebble/aplite/lib/libpebble.a(tmpxtwnPTpebble.o)
                0x000000000000050c                memset
 .text.resource_get_handle
                0x0000000000000518        0xc /home/selph/.pebble-sdk/SDKs/current/sdk-core/pebble/aplite/lib/libpebble.a(tmpxtwnPTpebble.o)
                0x0000000000000518                resource_get_handle
 .text.window_create
                0x0000000000000524        0xc /home/selph/.pebble-sdk/SDKs/current/sdk-core/pebble/aplite/lib/libpebble.a(tmpxtwnPTpebble.o)
                0x0000000000000524                window_create
 .text.window_destroy
                0x0000000000000530        0xc /home/selph/.pebble-sdk/SDKs/current/sdk-core/pebble/aplite/lib/libpebble.a(tmpxtwnPTpebble.o)
                0x0000000000000530                window_destroy
 .text.window_get_root_layer
                0x000000000000053c        0xc /home/selph/.pebble-sdk/SDKs/current/sdk-core/pebble/aplite/lib/libpebble.a(tmpxtwnPTpebble.o)
                0x000000000000053c                window_get_root_layer
 .text.window_set_click_config_provider
                0x0000000000000548        0xc /home/selph/.pebble-sdk/SDKs/current/sdk-core/pebble/aplite/lib/libpebble.a(tmpxtwnPTpebble.o)
                0x0000000000000548                window_set_click_config_provider
 .text.window_set_window_handlers
                0x0000000000000554        0xc /home/selph/.pebble-sdk/SDKs/current/sdk-core/pebble/aplite/lib/libpebble.a(tmpxtwnPTpebble.o)
                0x0000000000000554                window_set_window_handlers
 .text.window_stack_push
                0x0000000000000560        0xc /home/selph/.pebble-sdk/SDKs/current/sdk-core/pebble/aplite/lib/libpebble.a(tmpxtwnPTpebble.o)
                0x0000000000000560                window_stack_push
 .text.app_message_outbox_begin
                0x000000000000056c        0xc /home/selph/.pebble-sdk/SDKs/current/sdk-core/pebble/aplite/lib/libpebble.a(tmpxtwnPTpebble.o)
                0x000000000000056c                app_message_outbox_begin
 .text.app_message_outbox_send
                0x0000000000000578        0xc /home/selph/.pebble-sdk/SDKs/current/sdk-core/pebble/aplite/lib/libpebble.a(tmpxtwnPTpebble.o)
                0x0000000000000578                app_message_outbox_send
 .text.app_message_register_inbox_dropped
                0x0000000000000584        0xc /home/selph/.pebble-sdk/SDKs/current/sdk-core/pebble/aplite/lib/libpebble.a(tmpxtwnPTpebble.o)
                0x0000000000000584                app_message_register_inbox_dropped
 .text.app_message_register_inbox_received
                0x0000000000000590        0xc /home/selph/.pebble-sdk/SDKs/current/sdk-core/pebble/aplite/lib/libpebble.a(tmpxtwnPTpebble.o)
                0x0000000000000590                app_message_register_inbox_received
 .text.app_message_register_outbox_failed
                0x000000000000059c        0xc /home/selph/.pebble-sdk/SDKs/current/sdk-core/pebble/aplite/lib/libpebble.a(tmpxtwnPTpebble.o)
                0x000000000000059c                app_message_register_outbox_failed
 .text.app_message_register_outbox_sent
                0x00000000000005a8        0xc /home/selph/.pebble-sdk/SDKs/current/sdk-core/pebble/aplite/lib/libpebble.a(tmpxtwnPTpebble.o)
                0x00000000000005a8                app_message_register_outbox_sent
 .text.window_single_click_subscribe
                0x00000000000005b4        0xc /home/selph/.pebble-sdk/SDKs/current/sdk-core/pebble/aplite/lib/libpebble.a(tmpxtwnPTpebble.o)
                0x00000000000005b4                window_single_click_subscribe
 .text.text_layer_create
                0x00000000000005c0        0xc /home/selph/.pebble-sdk/SDKs/current/sdk-core/pebble/aplite/lib/libpebble.a(tmpxtwnPTpebble.o)
                0x00000000000005c0                text_layer_create
 .text.text_layer_destroy
                0x00000000000005cc        0xc /home/selph/.pebble-sdk/SDKs/current/sdk-core/pebble/aplite/lib/libpebble.a(tmpxtwnPTpebble.o)
                0x00000000000005cc                text_layer_destroy
 .text.text_layer_get_layer
                0x00000000000005d8        0xc /home/selph/.pebble-sdk/SDKs/current/sdk-core/pebble/aplite/lib/libpebble.a(tmpxtwnPTpebble.o)
                0x00000000000005d8                text_layer_get_layer
 .text.text_layer_set_background_color
                0x00000000000005e4        0xc /home/selph/.pebble-sdk/SDKs/current/sdk-core/pebble/aplite/lib/libpebble.a(tmpxtwnPTpebble.o)
                0x00000000000005e4                text_layer_set_background_color
 .text.text_layer_set_font
                0x00000000000005f0        0xc /home/selph/.pebble-sdk/SDKs/current/sdk-core/pebble/aplite/lib/libpebble.a(tmpxtwnPTpebble.o)
                0x00000000000005f0                text_layer_set_font
 .text.text_layer_set_text
                0x00000000000005fc        0xc /home/selph/.pebble-sdk/SDKs/current/sdk-core/pebble/aplite/lib/libpebble.a(tmpxtwnPTpebble.o)
                0x00000000000005fc                text_layer_set_text
 .text.text_layer_set_text_alignment
                0x0000000000000608        0xc /home/selph/.pebble-sdk/SDKs/current/sdk-core/pebble/aplite/lib/libpebble.a(tmpxtwnPTpebble.o)
                0x0000000000000608                text_layer_set_text_alignment
 .text.text_layer_set_text_color
                0x0000000000000614        0xc /home/selph/.pebble-sdk/SDKs/current/sdk-core/pebble/aplite/lib/libpebble.a(tmpxtwnPTpebble.o)
                0x0000000000000614                text_layer_set_text_color
 *(.rodata)
 *(.rodata*)
 .rodata.str1.1
                0x0000000000000620       0x8d src/c/watchface.c.33.o

.glue_7         0x00000000000006b0        0x0
 .glue_7        0x0000000000000000        0x0 linker stubs

.glue_7t        0x00000000000006b0        0x0
 .glue_7t       0x0000000000000000        0x0 linker stubs

.vfp11_veneer   0x00000000000006b0        0x0
 .vfp11_veneer  0x0000000000000000        0x0 linker stubs

.v4_bx          0x00000000000006b0        0x0
 .v4_bx         0x0000000000000000        0x0 linker stubs

.iplt           0x00000000000006b0        0x0
 .iplt          0x0000000000000000        0x0 /home/selph/code/pebble-sdk-4.5-linux64/arm-cs-tools/bin/../lib/gcc/arm-none-eabi/4.7.2/thumb2/crtbegin.o

.rel.dyn        0x00000000000006b0        0x0
 .rel.iplt      0x0000000000000000        0x0 /home/selph/code/pebble-sdk-4.5-linux64/arm-cs-tools/bin/../lib/gcc/arm-none-eabi/4.7.2/thumb2/crtbegin.o

.data           0x00000000000006b0        0x4
 *(.data)
 .data          0x00000000000006b0        0x0 /home/selph/code/pebble-sdk-4.5-linux64/arm-cs-tools/bin/../lib/gcc/arm-none-eabi/4.7.2/thumb2/crti.o
 .data          0x00000000000006b0        0x4 /home/selph/code/pebble-sdk-4.5-linux64/arm-cs-tools/bin/../lib/gcc/arm-none-eabi/4.7.2/thumb2/crtbegin.o
                0x00000000000006b0                __dso_handle
 .data          0x00000000000006b4        0x0 src/c/watchface.c.33.o
 .data          0x00000000000006b4        0x0 aplite/appinfo.auto.c.33.o
 .data          0x00000000000006b4        0x0 aplite/src/resource_ids.auto.c.33.o
 .data          0x00000000000006b4        0x0 src/message_keys.auto.c.33.o
 .data          0x00000000000006b4        0x0 /home/selph/.pebble-sdk/SDKs/current/sdk-core/pebble/aplite/lib/libpebble.a(tmpxtwnPTpebble.o)
 .data          0x00000000000006b4        0x0 /home/selph/code/pebble-sdk-4.5-linux64/arm-cs-tools/bin/../lib/gcc/arm-none-eabi/4.7.2/thumb2/crtend.o
 .data          0x00000000000006b4        0x0 /home/selph/code/pebble-sdk-4.5-linux64/arm-cs-tools/bin/../lib/gcc/arm-none-eabi/4.7.2/thumb2/crtn.o
 *(.data.*)

.igot.plt       0x00000000000006b4        0x0
 .igot.plt      0x0000000000000000        0x0 /home/selph/code/pebble-sdk-4.5-linux64/arm-cs-tools/bin/../lib/gcc/arm-none-eabi/4.7.2/thumb2/crtbegin.o

.bss            0x00000000000006b4       0x64
 *(.bss)
 *(.bss.*)
 .bss.s_label_layer
                0x00000000000006b4        0x4 src/c/watchface.c.33.o
 .bss.s_background_layer
                0x00000000000006b8       0x50 src/c/watchface.c.33.o
 .bss.count     0x0000000000000708        0x4 src/c/watchface.c.33.o
 .bss.s_background_bitmap
                0x000000000000070c        0x4 src/c/watchface.c.33.o
 .bss.s_main_window
                0x0000000000000710        0x4 src/c/watchface.c.33.o
 .bss.s_time_font
                0x0000000000000714        0x4 src/c/watchface.c.33.o

DISCARD
 libc.a(*)
 libm.a(*)
 libgcc.a(*)
 *(.eh_frame)
OUTPUT(/home/selph/code/pebble/watchface/build/aplite/pebble-app.elf elf32-littlearm)

.ARM.attributes
                0x0000000000000000       0x27
 .ARM.attributes
                0x0000000000000000       0x19 /home/selph/code/pebble-sdk-4.5-linux64/arm-cs-tools/bin/../lib/gcc/arm-none-eabi/4.7.2/thumb2/crti.o
 .ARM.attributes
                0x0000000000000019       0x29 /home/selph/code/pebble-sdk-4.5-linux64/arm-cs-tools/bin/../lib/gcc/arm-none-eabi/4.7.2/thumb2/crtbegin.o
 .ARM.attributes
                0x0000000000000042       0x33 src/c/watchface.c.33.o
 .ARM.attributes
                0x0000000000000075       0x33 aplite/appinfo.auto.c.33.o
 .ARM.attributes
                0x00000000000000a8       0x33 aplite/src/resource_ids.auto.c.33.o
 .ARM.attributes
                0x00000000000000db       0x33 src/message_keys.auto.c.33.o
 .ARM.attributes
                0x000000000000010e       0x21 /home/selph/.pebble-sdk/SDKs/current/sdk-core/pebble/aplite/lib/libpebble.a(tmpxtwnPTpebble.o)
 .ARM.attributes
                0x000000000000012f       0x29 /home/selph/code/pebble-sdk-4.5-linux64/arm-cs-tools/bin/../lib/gcc/arm-none-eabi/4.7.2/thumb2/crtend.o
 .ARM.attributes
                0x0000000000000158       0x19 /home/selph/code/pebble-sdk-4.5-linux64/arm-cs-tools/bin/../lib/gcc/arm-none-eabi/4.7.2/thumb2/crtn.o

.comment        0x0000000000000000       0x4e
 .comment       0x0000000000000000       0x4e /home/selph/code/pebble-sdk-4.5-linux64/arm-cs-tools/bin/../lib/gcc/arm-none-eabi/4.7.2/thumb2/crtbegin.o
                                         0x4f (size before relaxing)
 .comment       0x0000000000000000       0x4f src/c/watchface.c.33.o
 .comment       0x0000000000000000       0x4f aplite/appinfo.auto.c.33.o
 .comment       0x0000000000000000       0x4f aplite/src/resource_ids.auto.c.33.o
 .comment       0x0000000000000000       0x4f src/message_keys.auto.c.33.o
 .comment       0x0000000000000000       0x4f /home/selph/code/pebble-sdk-4.5-linux64/arm-cs-tools/bin/../lib/gcc/arm-none-eabi/4.7.2/thumb2/crtend.o

.debug_info     0x0000000000000000     0x14e0
 .debug_info    0x0000000000000000     0x10b2 src/c/watchface.c.33.o
 .debug_info    0x00000000000010b2      0x31a aplite/appinfo.auto.c.33.o
 .debug_info    0x00000000000013cc       0x93 aplite/src/resource_ids.auto.c.33.o
 .debug_info    0x000000000000145f       0x81 src/message_keys.auto.c.33.o

.debug_abbrev   0x0000000000000000      0x3fc
 .debug_abbrev  0x0000000000000000      0x2d6 src/c/watchface.c.33.o
 .debug_abbrev  0x00000000000002d6       0x9e aplite/appinfo.auto.c.33.o
 .debug_abbrev  0x0000000000000374       0x44 aplite/src/resource_ids.auto.c.33.o
 .debug_abbrev  0x00000000000003b8       0x44 src/message_keys.auto.c.33.o

.debug_loc      0x0000000000000000      0x427
 .debug_loc     0x0000000000000000      0x427 src/c/watchface.c.33.o

.debug_aranges  0x0000000000000000       0xb8
 .debug_aranges
                0x0000000000000000       0x70 src/c/watchface.c.33.o
 .debug_aranges
                0x0000000000000070       0x18 aplite/appinfo.auto.c.33.o
 .debug_aranges
                0x0000000000000088       0x18 aplite/src/resource_ids.auto.c.33.o
 .debug_aranges
                0x00000000000000a0       0x18 src/message_keys.auto.c.33.o

.debug_ranges   0x0000000000000000       0xb8
 .debug_ranges  0x0000000000000000       0xb8 src/c/watchface.c.33.o

.debug_line     0x0000000000000000      0x50f
 .debug_line    0x0000000000000000      0x273 src/c/watchface.c.33.o
 .debug_line    0x0000000000000273      0x119 aplite/appinfo.auto.c.33.o
 .debug_line    0x000000000000038c       0xc5 aplite/src/resource_ids.auto.c.33.o
 .debug_line    0x0000000000000451       0xbe src/message_keys.auto.c.33.o

.debug_str      0x0000000000000000      0xc99
 .debug_str     0x0000000000000000      0x9dd src/c/watchface.c.33.o
                                        0xa95 (size before relaxing)
 .debug_str     0x00000000000009dd      0x236 aplite/appinfo.auto.c.33.o
                                        0x316 (size before relaxing)
 .debug_str     0x0000000000000c13       0x5c aplite/src/resource_ids.auto.c.33.o
                                        0x11d (size before relaxing)
 .debug_str     0x0000000000000c6f       0x2a src/message_keys.auto.c.33.o
                                         0xeb (size before relaxing)

.debug_frame    0x0000000000000000      0x140
 .debug_frame   0x0000000000000000      0x140 src/c/watchface.c.33.o
